// Jest Snapshot v1, https://goo.gl/fbAQLP

exports[`SettingsForm component renders the component 1`] = `
<form
  class="makeStyles-form-2"
  data-testid="settings-form"
>
  <div
    class="MuiFormControl-root MuiFormControl-fullWidth"
  >
    <label
      class="MuiFormLabel-root MuiInputLabel-root MuiInputLabel-formControl MuiInputLabel-animated MuiInputLabel-shrink MuiFormLabel-filled"
      data-shrink="true"
      for="settings-form-field-url"
    >
      settings.form.labels.nightscoutUrl
    </label>
    <div
      class="MuiInputBase-root MuiInput-root MuiInput-underline MuiInputBase-fullWidth MuiInput-fullWidth MuiInputBase-formControl MuiInput-formControl"
    >
      <input
        aria-invalid="false"
        class="MuiInputBase-input MuiInput-input"
        data-testid="settings-form-field-url"
        id="settings-form-field-url"
        name="nightscoutUrl"
        type="text"
        value="https://example.com/ns"
      />
    </div>
  </div>
  <div
    class="MuiFormControl-root MuiFormControl-fullWidth"
  >
    <label
      class="MuiFormLabel-root MuiInputLabel-root MuiInputLabel-formControl MuiInputLabel-animated MuiInputLabel-shrink MuiFormLabel-filled"
      data-shrink="true"
      for="settings-form-field-token"
    >
      settings.form.labels.nightscoutToken
    </label>
    <div
      class="MuiInputBase-root MuiInput-root MuiInput-underline MuiInputBase-fullWidth MuiInput-fullWidth MuiInputBase-formControl MuiInput-formControl MuiInputBase-adornedStart"
    >
      <div
        class="MuiInputAdornment-root MuiInputAdornment-positionStart"
      >
        <svg
          aria-hidden="true"
          class="MuiSvgIcon-root"
          focusable="false"
          viewBox="0 0 24 24"
        >
          <path
            d="M18 8h-1V6c0-2.76-2.24-5-5-5S7 3.24 7 6v2H6c-1.1 0-2 .9-2 2v10c0 1.1.9 2 2 2h12c1.1 0 2-.9 2-2V10c0-1.1-.9-2-2-2zm-6 9c-1.1 0-2-.9-2-2s.9-2 2-2 2 .9 2 2-.9 2-2 2zm3.1-9H8.9V6c0-1.71 1.39-3.1 3.1-3.1 1.71 0 3.1 1.39 3.1 3.1v2z"
          />
        </svg>
      </div>
      <input
        aria-invalid="false"
        class="MuiInputBase-input MuiInput-input MuiInputBase-inputAdornedStart"
        data-testid="settings-form-field-token"
        id="settings-form-field-token"
        name="nightscoutToken"
        type="text"
        value="token123"
      />
    </div>
    <p
      class="MuiFormHelperText-root MuiFormHelperText-filled"
    >
      <button
        class="MuiTypography-root MuiLink-root MuiLink-underlineHover MuiLink-button MuiTypography-colorPrimary"
        type="button"
      >
        settings.form.helperText.nightscoutToken.default
      </button>
    </p>
  </div>
  <fieldset
    class="MuiFormControl-root"
    data-testid="settings-form-fieldset-metrics"
  >
    <legend
      class="MuiFormLabel-root"
    >
      settings.form.labels.defaultMetrics
    </legend>
    <div
      class="MuiFormGroup-root makeStyles-checkboxArray-3 MuiFormGroup-row"
    >
      <label
        class="MuiFormControlLabel-root"
      >
        <span
          aria-disabled="false"
          class="MuiButtonBase-root MuiIconButton-root PrivateSwitchBase-root-6 MuiCheckbox-root MuiCheckbox-colorSecondary MuiIconButton-colorSecondary"
        >
          <span
            class="MuiIconButton-label"
          >
            <input
              class="PrivateSwitchBase-input-9"
              data-indeterminate="false"
              type="checkbox"
              value=""
            />
            <svg
              aria-hidden="true"
              class="MuiSvgIcon-root"
              focusable="false"
              viewBox="0 0 24 24"
            >
              <path
                d="M19 5v14H5V5h14m0-2H5c-1.1 0-2 .9-2 2v14c0 1.1.9 2 2 2h14c1.1 0 2-.9 2-2V5c0-1.1-.9-2-2-2z"
              />
            </svg>
          </span>
          <span
            class="MuiTouchRipple-root"
          />
        </span>
        <span
          class="MuiTypography-root MuiFormControlLabel-label MuiTypography-body1"
        >
          diabetesMetrics.Everything
        </span>
      </label>
      <label
        class="MuiFormControlLabel-root"
      >
        <span
          aria-disabled="false"
          class="MuiButtonBase-root MuiIconButton-root PrivateSwitchBase-root-6 MuiCheckbox-root MuiCheckbox-colorSecondary PrivateSwitchBase-checked-7 Mui-checked MuiIconButton-colorSecondary"
        >
          <span
            class="MuiIconButton-label"
          >
            <input
              checked=""
              class="PrivateSwitchBase-input-9"
              data-indeterminate="false"
              type="checkbox"
              value=""
            />
            <svg
              aria-hidden="true"
              class="MuiSvgIcon-root"
              focusable="false"
              viewBox="0 0 24 24"
            >
              <path
                d="M19 3H5c-1.11 0-2 .9-2 2v14c0 1.1.89 2 2 2h14c1.11 0 2-.9 2-2V5c0-1.1-.89-2-2-2zm-9 14l-5-5 1.41-1.41L10 14.17l7.59-7.59L19 8l-9 9z"
              />
            </svg>
          </span>
          <span
            class="MuiTouchRipple-root"
          />
        </span>
        <span
          class="MuiTypography-root MuiFormControlLabel-label MuiTypography-body1"
        >
          diabetesMetrics.BloodSugar
        </span>
      </label>
      <label
        class="MuiFormControlLabel-root"
      >
        <span
          aria-disabled="false"
          class="MuiButtonBase-root MuiIconButton-root PrivateSwitchBase-root-6 MuiCheckbox-root MuiCheckbox-colorSecondary MuiIconButton-colorSecondary"
        >
          <span
            class="MuiIconButton-label"
          >
            <input
              class="PrivateSwitchBase-input-9"
              data-indeterminate="false"
              type="checkbox"
              value=""
            />
            <svg
              aria-hidden="true"
              class="MuiSvgIcon-root"
              focusable="false"
              viewBox="0 0 24 24"
            >
              <path
                d="M19 5v14H5V5h14m0-2H5c-1.1 0-2 .9-2 2v14c0 1.1.9 2 2 2h14c1.1 0 2-.9 2-2V5c0-1.1-.9-2-2-2z"
              />
            </svg>
          </span>
          <span
            class="MuiTouchRipple-root"
          />
        </span>
        <span
          class="MuiTypography-root MuiFormControlLabel-label MuiTypography-body1"
        >
          diabetesMetrics.InsulinOnBoard
        </span>
      </label>
      <label
        class="MuiFormControlLabel-root"
      >
        <span
          aria-disabled="false"
          class="MuiButtonBase-root MuiIconButton-root PrivateSwitchBase-root-6 MuiCheckbox-root MuiCheckbox-colorSecondary MuiIconButton-colorSecondary"
        >
          <span
            class="MuiIconButton-label"
          >
            <input
              class="PrivateSwitchBase-input-9"
              data-indeterminate="false"
              type="checkbox"
              value=""
            />
            <svg
              aria-hidden="true"
              class="MuiSvgIcon-root"
              focusable="false"
              viewBox="0 0 24 24"
            >
              <path
                d="M19 5v14H5V5h14m0-2H5c-1.1 0-2 .9-2 2v14c0 1.1.9 2 2 2h14c1.1 0 2-.9 2-2V5c0-1.1-.9-2-2-2z"
              />
            </svg>
          </span>
          <span
            class="MuiTouchRipple-root"
          />
        </span>
        <span
          class="MuiTypography-root MuiFormControlLabel-label MuiTypography-body1"
        >
          diabetesMetrics.CarbsOnBoard
        </span>
      </label>
      <label
        class="MuiFormControlLabel-root"
      >
        <span
          aria-disabled="false"
          class="MuiButtonBase-root MuiIconButton-root PrivateSwitchBase-root-6 MuiCheckbox-root MuiCheckbox-colorSecondary MuiIconButton-colorSecondary"
        >
          <span
            class="MuiIconButton-label"
          >
            <input
              class="PrivateSwitchBase-input-9"
              data-indeterminate="false"
              type="checkbox"
              value=""
            />
            <svg
              aria-hidden="true"
              class="MuiSvgIcon-root"
              focusable="false"
              viewBox="0 0 24 24"
            >
              <path
                d="M19 5v14H5V5h14m0-2H5c-1.1 0-2 .9-2 2v14c0 1.1.9 2 2 2h14c1.1 0 2-.9 2-2V5c0-1.1-.9-2-2-2z"
              />
            </svg>
          </span>
          <span
            class="MuiTouchRipple-root"
          />
        </span>
        <span
          class="MuiTypography-root MuiFormControlLabel-label MuiTypography-body1"
        >
          diabetesMetrics.SensorAge
        </span>
      </label>
      <label
        class="MuiFormControlLabel-root"
      >
        <span
          aria-disabled="false"
          class="MuiButtonBase-root MuiIconButton-root PrivateSwitchBase-root-6 MuiCheckbox-root MuiCheckbox-colorSecondary MuiIconButton-colorSecondary"
        >
          <span
            class="MuiIconButton-label"
          >
            <input
              class="PrivateSwitchBase-input-9"
              data-indeterminate="false"
              type="checkbox"
              value=""
            />
            <svg
              aria-hidden="true"
              class="MuiSvgIcon-root"
              focusable="false"
              viewBox="0 0 24 24"
            >
              <path
                d="M19 5v14H5V5h14m0-2H5c-1.1 0-2 .9-2 2v14c0 1.1.9 2 2 2h14c1.1 0 2-.9 2-2V5c0-1.1-.9-2-2-2z"
              />
            </svg>
          </span>
          <span
            class="MuiTouchRipple-root"
          />
        </span>
        <span
          class="MuiTypography-root MuiFormControlLabel-label MuiTypography-body1"
        >
          diabetesMetrics.CannulaAge
        </span>
      </label>
      <label
        class="MuiFormControlLabel-root"
      >
        <span
          aria-disabled="false"
          class="MuiButtonBase-root MuiIconButton-root PrivateSwitchBase-root-6 MuiCheckbox-root MuiCheckbox-colorSecondary MuiIconButton-colorSecondary"
        >
          <span
            class="MuiIconButton-label"
          >
            <input
              class="PrivateSwitchBase-input-9"
              data-indeterminate="false"
              type="checkbox"
              value=""
            />
            <svg
              aria-hidden="true"
              class="MuiSvgIcon-root"
              focusable="false"
              viewBox="0 0 24 24"
            >
              <path
                d="M19 5v14H5V5h14m0-2H5c-1.1 0-2 .9-2 2v14c0 1.1.9 2 2 2h14c1.1 0 2-.9 2-2V5c0-1.1-.9-2-2-2z"
              />
            </svg>
          </span>
          <span
            class="MuiTouchRipple-root"
          />
        </span>
        <span
          class="MuiTypography-root MuiFormControlLabel-label MuiTypography-body1"
        >
          diabetesMetrics.PumpBattery
        </span>
      </label>
      <label
        class="MuiFormControlLabel-root"
      >
        <span
          aria-disabled="false"
          class="MuiButtonBase-root MuiIconButton-root PrivateSwitchBase-root-6 MuiCheckbox-root MuiCheckbox-colorSecondary MuiIconButton-colorSecondary"
        >
          <span
            class="MuiIconButton-label"
          >
            <input
              class="PrivateSwitchBase-input-9"
              data-indeterminate="false"
              type="checkbox"
              value=""
            />
            <svg
              aria-hidden="true"
              class="MuiSvgIcon-root"
              focusable="false"
              viewBox="0 0 24 24"
            >
              <path
                d="M19 5v14H5V5h14m0-2H5c-1.1 0-2 .9-2 2v14c0 1.1.9 2 2 2h14c1.1 0 2-.9 2-2V5c0-1.1-.9-2-2-2z"
              />
            </svg>
          </span>
          <span
            class="MuiTouchRipple-root"
          />
        </span>
        <span
          class="MuiTypography-root MuiFormControlLabel-label MuiTypography-body1"
        >
          diabetesMetrics.PumpReservoir
        </span>
      </label>
    </div>
  </fieldset>
  <div
    class="MuiFormControl-root MuiTextField-root"
  >
    <div
      class="MuiInputBase-root MuiInput-root MuiInput-underline MuiInputBase-formControl MuiInput-formControl"
    >
      <input
        aria-invalid="false"
        class="MuiInputBase-input MuiInput-input"
        data-testid="settings-form-field-bg"
        name="glucoseUnit"
        type="hidden"
        value="mg/dl"
      />
    </div>
  </div>
  <div
    class="MuiContainer-root MuiContainer-disableGutters MuiContainer-maxWidthLg"
  >
    <div
      class="MuiGrid-root MuiGrid-container MuiGrid-spacing-xs-2 MuiGrid-align-items-xs-center"
    >
      <div
        class="MuiGrid-root MuiGrid-item"
      >
        <button
          class="MuiButtonBase-root MuiButton-root MuiButton-contained MuiButton-containedPrimary Mui-disabled Mui-disabled"
          data-testid="settings-form-submit"
          disabled=""
          tabindex="-1"
          type="submit"
        >
          <span
            class="MuiButton-label"
          >
            settings.form.submitButton
          </span>
        </button>
      </div>
    </div>
  </div>
</form>
`;

exports[`SettingsForm component renders the component when glucose units field is visible 1`] = `
<input
  aria-hidden="true"
  class="MuiSelect-nativeInput"
  data-testid="settings-form-field-bg"
  name="glucoseUnit"
  tabindex="-1"
  value="mg/dl"
/>
`;
